Archive member included to satisfy reference by file (symbol)

c:/program files (x86)/atmel/studio/7.0/toolchain/avr8/avr8-gnu-toolchain/bin/../lib/gcc/avr/5.4.0/avr5\libgcc.a(_exit.o)
                              C:/Program Files (x86)/Atmel/Studio/7.0/Packs/atmel/ATmega_DFP/1.3.300/gcc/dev/atmega32/avr5/crtatmega32.o (exit)
c:/program files (x86)/atmel/studio/7.0/toolchain/avr8/avr8-gnu-toolchain/bin/../lib/gcc/avr/5.4.0/avr5\libgcc.a(_copy_data.o)
                              rtos atmega32/tasks.o (__do_copy_data)
c:/program files (x86)/atmel/studio/7.0/toolchain/avr8/avr8-gnu-toolchain/bin/../lib/gcc/avr/5.4.0/avr5\libgcc.a(_clear_bss.o)
                              main.o (__do_clear_bss)
c:/program files (x86)/atmel/studio/7.0/toolchain/avr8/avr8-gnu-toolchain/bin/../lib/gcc/avr/5.4.0/../../../../avr/lib/avr5\libc.a(memcpy.o)
                              rtos atmega32/queue.o (memcpy)

Discarded input sections

 .data          0x00000000        0x0 C:/Program Files (x86)/Atmel/Studio/7.0/Packs/atmel/ATmega_DFP/1.3.300/gcc/dev/atmega32/avr5/crtatmega32.o
 .bss           0x00000000        0x0 C:/Program Files (x86)/Atmel/Studio/7.0/Packs/atmel/ATmega_DFP/1.3.300/gcc/dev/atmega32/avr5/crtatmega32.o
 .text          0x00000000        0x0 main.o
 .data          0x00000000        0x0 main.o
 .bss           0x00000000        0x0 main.o
 .text          0x00000000        0x0 rtos atmega32/croutine.o
 .data          0x00000000        0x0 rtos atmega32/croutine.o
 .bss           0x00000000        0x0 rtos atmega32/croutine.o
 .debug_info    0x00000000       0x64 rtos atmega32/croutine.o
 .debug_abbrev  0x00000000       0x26 rtos atmega32/croutine.o
 .debug_aranges
                0x00000000       0x18 rtos atmega32/croutine.o
 .debug_line    0x00000000       0x1a rtos atmega32/croutine.o
 .debug_str     0x00000000      0x1c0 rtos atmega32/croutine.o
 .comment       0x00000000       0x31 rtos atmega32/croutine.o
 .text          0x00000000        0x0 rtos atmega32/event_groups.o
 .data          0x00000000        0x0 rtos atmega32/event_groups.o
 .bss           0x00000000        0x0 rtos atmega32/event_groups.o
 .text.xEventGroupCreate
                0x00000000       0x26 rtos atmega32/event_groups.o
 .text.xEventGroupWaitBits
                0x00000000      0x110 rtos atmega32/event_groups.o
 .text.xEventGroupClearBits
                0x00000000       0x1e rtos atmega32/event_groups.o
 .text.xEventGroupGetBitsFromISR
                0x00000000        0x8 rtos atmega32/event_groups.o
 .text.xEventGroupSetBits
                0x00000000       0xdc rtos atmega32/event_groups.o
 .text.xEventGroupSync
                0x00000000       0xd2 rtos atmega32/event_groups.o
 .text.vEventGroupDelete
                0x00000000       0x32 rtos atmega32/event_groups.o
 .text.vEventGroupSetBitsCallback
                0x00000000        0x8 rtos atmega32/event_groups.o
 .text.vEventGroupClearBitsCallback
                0x00000000        0x8 rtos atmega32/event_groups.o
 .debug_info    0x00000000      0x90b rtos atmega32/event_groups.o
 .debug_abbrev  0x00000000      0x20c rtos atmega32/event_groups.o
 .debug_loc     0x00000000      0xb78 rtos atmega32/event_groups.o
 .debug_aranges
                0x00000000       0x60 rtos atmega32/event_groups.o
 .debug_ranges  0x00000000       0x68 rtos atmega32/event_groups.o
 .debug_line    0x00000000      0x3a2 rtos atmega32/event_groups.o
 .debug_str     0x00000000      0x5d4 rtos atmega32/event_groups.o
 .comment       0x00000000       0x31 rtos atmega32/event_groups.o
 .debug_frame   0x00000000      0x158 rtos atmega32/event_groups.o
 .text          0x00000000        0x0 rtos atmega32/heap_1.o
 .data          0x00000000        0x0 rtos atmega32/heap_1.o
 .bss           0x00000000        0x0 rtos atmega32/heap_1.o
 .text.vPortInitialiseBlocks
                0x00000000        0xa rtos atmega32/heap_1.o
 .text.xPortGetFreeHeapSize
                0x00000000       0x12 rtos atmega32/heap_1.o
 .text          0x00000000        0x0 rtos atmega32/list.o
 .data          0x00000000        0x0 rtos atmega32/list.o
 .bss           0x00000000        0x0 rtos atmega32/list.o
 .text          0x00000000        0x0 rtos atmega32/port.o
 .data          0x00000000        0x0 rtos atmega32/port.o
 .bss           0x00000000        0x0 rtos atmega32/port.o
 .text.vPortEndScheduler
                0x00000000        0x2 rtos atmega32/port.o
 .text          0x00000000        0x0 rtos atmega32/queue.o
 .data          0x00000000        0x0 rtos atmega32/queue.o
 .bss           0x00000000        0x0 rtos atmega32/queue.o
 .text.prvCopyDataFromQueue
                0x00000000       0x34 rtos atmega32/queue.o
 .text.xQueueGenericSendFromISR
                0x00000000       0x78 rtos atmega32/queue.o
 .text.xQueueGiveFromISR
                0x00000000       0x52 rtos atmega32/queue.o
 .text.xQueueReceive
                0x00000000      0x132 rtos atmega32/queue.o
 .text.xQueuePeek
                0x00000000      0x132 rtos atmega32/queue.o
 .text.xQueueReceiveFromISR
                0x00000000       0x6e rtos atmega32/queue.o
 .text.xQueuePeekFromISR
                0x00000000       0x2e rtos atmega32/queue.o
 .text.uxQueueMessagesWaiting
                0x00000000       0x10 rtos atmega32/queue.o
 .text.uxQueueSpacesAvailable
                0x00000000       0x14 rtos atmega32/queue.o
 .text.uxQueueMessagesWaitingFromISR
                0x00000000        0x6 rtos atmega32/queue.o
 .text.vQueueDelete
                0x00000000        0x6 rtos atmega32/queue.o
 .text.xQueueIsQueueEmptyFromISR
                0x00000000        0xc rtos atmega32/queue.o
 .text.xQueueIsQueueFullFromISR
                0x00000000        0xe rtos atmega32/queue.o
 .text          0x00000000        0x0 rtos atmega32/stream_buffer.o
 .data          0x00000000        0x0 rtos atmega32/stream_buffer.o
 .bss           0x00000000        0x0 rtos atmega32/stream_buffer.o
 .text.prvBytesInBuffer
                0x00000000       0x26 rtos atmega32/stream_buffer.o
 .text.prvWriteBytesToBuffer
                0x00000000       0x92 rtos atmega32/stream_buffer.o
 .text.prvWriteMessageToBuffer
                0x00000000       0x82 rtos atmega32/stream_buffer.o
 .text.prvReadBytesFromBuffer
                0x00000000       0x9e rtos atmega32/stream_buffer.o
 .text.xStreamBufferGenericCreate
                0x00000000       0x5a rtos atmega32/stream_buffer.o
 .text.vStreamBufferDelete
                0x00000000       0x1a rtos atmega32/stream_buffer.o
 .text.xStreamBufferReset
                0x00000000       0x74 rtos atmega32/stream_buffer.o
 .text.xStreamBufferSetTriggerLevel
                0x00000000       0x22 rtos atmega32/stream_buffer.o
 .text.xStreamBufferSpacesAvailable
                0x00000000       0x24 rtos atmega32/stream_buffer.o
 .text.xStreamBufferBytesAvailable
                0x00000000        0x6 rtos atmega32/stream_buffer.o
 .text.xStreamBufferSend
                0x00000000      0x146 rtos atmega32/stream_buffer.o
 .text.xStreamBufferSendFromISR
                0x00000000       0x8c rtos atmega32/stream_buffer.o
 .text.xStreamBufferReceive
                0x00000000      0x148 rtos atmega32/stream_buffer.o
 .text.xStreamBufferNextMessageLengthBytes
                0x00000000       0x66 rtos atmega32/stream_buffer.o
 .text.xStreamBufferReceiveFromISR
                0x00000000       0xe6 rtos atmega32/stream_buffer.o
 .text.xStreamBufferIsEmpty
                0x00000000       0x16 rtos atmega32/stream_buffer.o
 .text.xStreamBufferIsFull
                0x00000000       0x2c rtos atmega32/stream_buffer.o
 .text.xStreamBufferSendCompletedFromISR
                0x00000000       0x46 rtos atmega32/stream_buffer.o
 .text.xStreamBufferReceiveCompletedFromISR
                0x00000000       0x46 rtos atmega32/stream_buffer.o
 .debug_info    0x00000000     0x137e rtos atmega32/stream_buffer.o
 .debug_abbrev  0x00000000      0x29b rtos atmega32/stream_buffer.o
 .debug_loc     0x00000000     0x1cde rtos atmega32/stream_buffer.o
 .debug_aranges
                0x00000000       0xb0 rtos atmega32/stream_buffer.o
 .debug_ranges  0x00000000       0xa0 rtos atmega32/stream_buffer.o
 .debug_line    0x00000000      0x74e rtos atmega32/stream_buffer.o
 .debug_str     0x00000000      0x7ec rtos atmega32/stream_buffer.o
 .comment       0x00000000       0x31 rtos atmega32/stream_buffer.o
 .debug_frame   0x00000000      0x38c rtos atmega32/stream_buffer.o
 .text          0x00000000        0x0 rtos atmega32/tasks.o
 .data          0x00000000        0x0 rtos atmega32/tasks.o
 .bss           0x00000000        0x0 rtos atmega32/tasks.o
 .text.vTaskDelete
                0x00000000       0xaa rtos atmega32/tasks.o
 .text.uxTaskPriorityGet
                0x00000000       0x1e rtos atmega32/tasks.o
 .text.uxTaskPriorityGetFromISR
                0x00000000       0x14 rtos atmega32/tasks.o
 .text.vTaskPrioritySet
                0x00000000       0xf0 rtos atmega32/tasks.o
 .text.vTaskResume
                0x00000000       0x9e rtos atmega32/tasks.o
 .text.xTaskResumeFromISR
                0x00000000       0xae rtos atmega32/tasks.o
 .text.vTaskEndScheduler
                0x00000000        0xc rtos atmega32/tasks.o
 .text.xTaskGetTickCount
                0x00000000       0x14 rtos atmega32/tasks.o
 .text.xTaskGetTickCountFromISR
                0x00000000        0xa rtos atmega32/tasks.o
 .text.uxTaskGetNumberOfTasks
                0x00000000        0x6 rtos atmega32/tasks.o
 .text.pcTaskGetName
                0x00000000       0x10 rtos atmega32/tasks.o
 .text.vTaskDelayUntil
                0x00000000       0x7c rtos atmega32/tasks.o
 .text.xTaskCatchUpTicks
                0x00000000       0x28 rtos atmega32/tasks.o
 .text.vTaskSuspend
                0x00000000       0xa4 rtos atmega32/tasks.o
 .text.vTaskPlaceOnUnorderedEventList
                0x00000000       0x32 rtos atmega32/tasks.o
 .text.vTaskRemoveFromUnorderedEventList
                0x00000000       0x70 rtos atmega32/tasks.o
 .text.vTaskSetTimeOutState
                0x00000000       0x20 rtos atmega32/tasks.o
 .text.uxTaskResetEventItemValue
                0x00000000       0x2e rtos atmega32/tasks.o
 .text.ulTaskNotifyTake
                0x00000000       0xae rtos atmega32/tasks.o
 .text.xTaskNotifyWait
                0x00000000      0x108 rtos atmega32/tasks.o
 .text.xTaskGenericNotify
                0x00000000       0xfc rtos atmega32/tasks.o
 .text.xTaskGenericNotifyFromISR
                0x00000000      0x120 rtos atmega32/tasks.o
 .text.vTaskNotifyGiveFromISR
                0x00000000       0xb4 rtos atmega32/tasks.o
 .text.xTaskNotifyStateClear
                0x00000000       0x28 rtos atmega32/tasks.o
 .text.ulTaskNotifyValueClear
                0x00000000       0x66 rtos atmega32/tasks.o
 .text          0x00000000        0x0 rtos atmega32/timers.o
 .data          0x00000000        0x0 rtos atmega32/timers.o
 .bss           0x00000000        0x0 rtos atmega32/timers.o
 .debug_info    0x00000000       0x64 rtos atmega32/timers.o
 .debug_abbrev  0x00000000       0x26 rtos atmega32/timers.o
 .debug_aranges
                0x00000000       0x18 rtos atmega32/timers.o
 .debug_line    0x00000000       0x1a rtos atmega32/timers.o
 .debug_str     0x00000000      0x1be rtos atmega32/timers.o
 .comment       0x00000000       0x31 rtos atmega32/timers.o
 .text          0x00000000        0x0 c:/program files (x86)/atmel/studio/7.0/toolchain/avr8/avr8-gnu-toolchain/bin/../lib/gcc/avr/5.4.0/avr5\libgcc.a(_exit.o)
 .data          0x00000000        0x0 c:/program files (x86)/atmel/studio/7.0/toolchain/avr8/avr8-gnu-toolchain/bin/../lib/gcc/avr/5.4.0/avr5\libgcc.a(_exit.o)
 .bss           0x00000000        0x0 c:/program files (x86)/atmel/studio/7.0/toolchain/avr8/avr8-gnu-toolchain/bin/../lib/gcc/avr/5.4.0/avr5\libgcc.a(_exit.o)
 .text.libgcc.mul
                0x00000000        0x0 c:/program files (x86)/atmel/studio/7.0/toolchain/avr8/avr8-gnu-toolchain/bin/../lib/gcc/avr/5.4.0/avr5\libgcc.a(_exit.o)
 .text.libgcc.div
                0x00000000        0x0 c:/program files (x86)/atmel/studio/7.0/toolchain/avr8/avr8-gnu-toolchain/bin/../lib/gcc/avr/5.4.0/avr5\libgcc.a(_exit.o)
 .text.libgcc   0x00000000        0x0 c:/program files (x86)/atmel/studio/7.0/toolchain/avr8/avr8-gnu-toolchain/bin/../lib/gcc/avr/5.4.0/avr5\libgcc.a(_exit.o)
 .text.libgcc.prologue
                0x00000000        0x0 c:/program files (x86)/atmel/studio/7.0/toolchain/avr8/avr8-gnu-toolchain/bin/../lib/gcc/avr/5.4.0/avr5\libgcc.a(_exit.o)
 .text.libgcc.builtins
                0x00000000        0x0 c:/program files (x86)/atmel/studio/7.0/toolchain/avr8/avr8-gnu-toolchain/bin/../lib/gcc/avr/5.4.0/avr5\libgcc.a(_exit.o)
 .text.libgcc.fmul
                0x00000000        0x0 c:/program files (x86)/atmel/studio/7.0/toolchain/avr8/avr8-gnu-toolchain/bin/../lib/gcc/avr/5.4.0/avr5\libgcc.a(_exit.o)
 .text.libgcc.fixed
                0x00000000        0x0 c:/program files (x86)/atmel/studio/7.0/toolchain/avr8/avr8-gnu-toolchain/bin/../lib/gcc/avr/5.4.0/avr5\libgcc.a(_exit.o)
 .text          0x00000000        0x0 c:/program files (x86)/atmel/studio/7.0/toolchain/avr8/avr8-gnu-toolchain/bin/../lib/gcc/avr/5.4.0/avr5\libgcc.a(_copy_data.o)
 .data          0x00000000        0x0 c:/program files (x86)/atmel/studio/7.0/toolchain/avr8/avr8-gnu-toolchain/bin/../lib/gcc/avr/5.4.0/avr5\libgcc.a(_copy_data.o)
 .bss           0x00000000        0x0 c:/program files (x86)/atmel/studio/7.0/toolchain/avr8/avr8-gnu-toolchain/bin/../lib/gcc/avr/5.4.0/avr5\libgcc.a(_copy_data.o)
 .text.libgcc.mul
                0x00000000        0x0 c:/program files (x86)/atmel/studio/7.0/toolchain/avr8/avr8-gnu-toolchain/bin/../lib/gcc/avr/5.4.0/avr5\libgcc.a(_copy_data.o)
 .text.libgcc.div
                0x00000000        0x0 c:/program files (x86)/atmel/studio/7.0/toolchain/avr8/avr8-gnu-toolchain/bin/../lib/gcc/avr/5.4.0/avr5\libgcc.a(_copy_data.o)
 .text.libgcc   0x00000000        0x0 c:/program files (x86)/atmel/studio/7.0/toolchain/avr8/avr8-gnu-toolchain/bin/../lib/gcc/avr/5.4.0/avr5\libgcc.a(_copy_data.o)
 .text.libgcc.prologue
                0x00000000        0x0 c:/program files (x86)/atmel/studio/7.0/toolchain/avr8/avr8-gnu-toolchain/bin/../lib/gcc/avr/5.4.0/avr5\libgcc.a(_copy_data.o)
 .text.libgcc.builtins
                0x00000000        0x0 c:/program files (x86)/atmel/studio/7.0/toolchain/avr8/avr8-gnu-toolchain/bin/../lib/gcc/avr/5.4.0/avr5\libgcc.a(_copy_data.o)
 .text.libgcc.fmul
                0x00000000        0x0 c:/program files (x86)/atmel/studio/7.0/toolchain/avr8/avr8-gnu-toolchain/bin/../lib/gcc/avr/5.4.0/avr5\libgcc.a(_copy_data.o)
 .text.libgcc.fixed
                0x00000000        0x0 c:/program files (x86)/atmel/studio/7.0/toolchain/avr8/avr8-gnu-toolchain/bin/../lib/gcc/avr/5.4.0/avr5\libgcc.a(_copy_data.o)
 .text          0x00000000        0x0 c:/program files (x86)/atmel/studio/7.0/toolchain/avr8/avr8-gnu-toolchain/bin/../lib/gcc/avr/5.4.0/avr5\libgcc.a(_clear_bss.o)
 .data          0x00000000        0x0 c:/program files (x86)/atmel/studio/7.0/toolchain/avr8/avr8-gnu-toolchain/bin/../lib/gcc/avr/5.4.0/avr5\libgcc.a(_clear_bss.o)
 .bss           0x00000000        0x0 c:/program files (x86)/atmel/studio/7.0/toolchain/avr8/avr8-gnu-toolchain/bin/../lib/gcc/avr/5.4.0/avr5\libgcc.a(_clear_bss.o)
 .text.libgcc.mul
                0x00000000        0x0 c:/program files (x86)/atmel/studio/7.0/toolchain/avr8/avr8-gnu-toolchain/bin/../lib/gcc/avr/5.4.0/avr5\libgcc.a(_clear_bss.o)
 .text.libgcc.div
                0x00000000        0x0 c:/program files (x86)/atmel/studio/7.0/toolchain/avr8/avr8-gnu-toolchain/bin/../lib/gcc/avr/5.4.0/avr5\libgcc.a(_clear_bss.o)
 .text.libgcc   0x00000000        0x0 c:/program files (x86)/atmel/studio/7.0/toolchain/avr8/avr8-gnu-toolchain/bin/../lib/gcc/avr/5.4.0/avr5\libgcc.a(_clear_bss.o)
 .text.libgcc.prologue
                0x00000000        0x0 c:/program files (x86)/atmel/studio/7.0/toolchain/avr8/avr8-gnu-toolchain/bin/../lib/gcc/avr/5.4.0/avr5\libgcc.a(_clear_bss.o)
 .text.libgcc.builtins
                0x00000000        0x0 c:/program files (x86)/atmel/studio/7.0/toolchain/avr8/avr8-gnu-toolchain/bin/../lib/gcc/avr/5.4.0/avr5\libgcc.a(_clear_bss.o)
 .text.libgcc.fmul
                0x00000000        0x0 c:/program files (x86)/atmel/studio/7.0/toolchain/avr8/avr8-gnu-toolchain/bin/../lib/gcc/avr/5.4.0/avr5\libgcc.a(_clear_bss.o)
 .text.libgcc.fixed
                0x00000000        0x0 c:/program files (x86)/atmel/studio/7.0/toolchain/avr8/avr8-gnu-toolchain/bin/../lib/gcc/avr/5.4.0/avr5\libgcc.a(_clear_bss.o)
 .text          0x00000000        0x0 c:/program files (x86)/atmel/studio/7.0/toolchain/avr8/avr8-gnu-toolchain/bin/../lib/gcc/avr/5.4.0/../../../../avr/lib/avr5\libc.a(memcpy.o)
 .data          0x00000000        0x0 c:/program files (x86)/atmel/studio/7.0/toolchain/avr8/avr8-gnu-toolchain/bin/../lib/gcc/avr/5.4.0/../../../../avr/lib/avr5\libc.a(memcpy.o)
 .bss           0x00000000        0x0 c:/program files (x86)/atmel/studio/7.0/toolchain/avr8/avr8-gnu-toolchain/bin/../lib/gcc/avr/5.4.0/../../../../avr/lib/avr5\libc.a(memcpy.o)

Memory Configuration

Name             Origin             Length             Attributes
text             0x00000000         0x00020000         xr
data             0x00800060         0x0000ffa0         rw !x
eeprom           0x00810000         0x00010000         rw !x
fuse             0x00820000         0x00000002         rw !x
lock             0x00830000         0x00000400         rw !x
signature        0x00840000         0x00000400         rw !x
user_signatures  0x00850000         0x00000400         rw !x
*default*        0x00000000         0xffffffff

Linker script and memory map

LOAD C:/Program Files (x86)/Atmel/Studio/7.0/Packs/atmel/ATmega_DFP/1.3.300/gcc/dev/atmega32/avr5/crtatmega32.o
LOAD main.o
LOAD rtos atmega32/croutine.o
LOAD rtos atmega32/event_groups.o
LOAD rtos atmega32/heap_1.o
LOAD rtos atmega32/list.o
LOAD rtos atmega32/port.o
LOAD rtos atmega32/queue.o
LOAD rtos atmega32/stream_buffer.o
LOAD rtos atmega32/tasks.o
LOAD rtos atmega32/timers.o
START GROUP
LOAD c:/program files (x86)/atmel/studio/7.0/toolchain/avr8/avr8-gnu-toolchain/bin/../lib/gcc/avr/5.4.0/../../../../avr/lib/avr5\libm.a
END GROUP
START GROUP
LOAD c:/program files (x86)/atmel/studio/7.0/toolchain/avr8/avr8-gnu-toolchain/bin/../lib/gcc/avr/5.4.0/avr5\libgcc.a
LOAD c:/program files (x86)/atmel/studio/7.0/toolchain/avr8/avr8-gnu-toolchain/bin/../lib/gcc/avr/5.4.0/../../../../avr/lib/avr5\libm.a
LOAD c:/program files (x86)/atmel/studio/7.0/toolchain/avr8/avr8-gnu-toolchain/bin/../lib/gcc/avr/5.4.0/../../../../avr/lib/avr5\libc.a
LOAD C:/Program Files (x86)/Atmel/Studio/7.0/Packs/atmel/ATmega_DFP/1.3.300/gcc/dev/atmega32/avr5\libatmega32.a
END GROUP
                0x00000000                __TEXT_REGION_ORIGIN__ = DEFINED (__TEXT_REGION_ORIGIN__)?__TEXT_REGION_ORIGIN__:0x0
                0x00800060                __DATA_REGION_ORIGIN__ = DEFINED (__DATA_REGION_ORIGIN__)?__DATA_REGION_ORIGIN__:0x800060
                0x00020000                __TEXT_REGION_LENGTH__ = DEFINED (__TEXT_REGION_LENGTH__)?__TEXT_REGION_LENGTH__:0x20000
                0x0000ffa0                __DATA_REGION_LENGTH__ = DEFINED (__DATA_REGION_LENGTH__)?__DATA_REGION_LENGTH__:0xffa0
                0x00010000                __EEPROM_REGION_LENGTH__ = DEFINED (__EEPROM_REGION_LENGTH__)?__EEPROM_REGION_LENGTH__:0x10000
                [0x00000002]                __FUSE_REGION_LENGTH__ = DEFINED (__FUSE_REGION_LENGTH__)?__FUSE_REGION_LENGTH__:0x400
                0x00000400                __LOCK_REGION_LENGTH__ = DEFINED (__LOCK_REGION_LENGTH__)?__LOCK_REGION_LENGTH__:0x400
                0x00000400                __SIGNATURE_REGION_LENGTH__ = DEFINED (__SIGNATURE_REGION_LENGTH__)?__SIGNATURE_REGION_LENGTH__:0x400
                0x00000400                __USER_SIGNATURE_REGION_LENGTH__ = DEFINED (__USER_SIGNATURE_REGION_LENGTH__)?__USER_SIGNATURE_REGION_LENGTH__:0x400

.hash
 *(.hash)

.dynsym
 *(.dynsym)

.dynstr
 *(.dynstr)

.gnu.version
 *(.gnu.version)

.gnu.version_d
 *(.gnu.version_d)

.gnu.version_r
 *(.gnu.version_r)

.rel.init
 *(.rel.init)

.rela.init
 *(.rela.init)

.rel.text
 *(.rel.text)
 *(.rel.text.*)
 *(.rel.gnu.linkonce.t*)

.rela.text
 *(.rela.text)
 *(.rela.text.*)
 *(.rela.gnu.linkonce.t*)

.rel.fini
 *(.rel.fini)

.rela.fini
 *(.rela.fini)

.rel.rodata
 *(.rel.rodata)
 *(.rel.rodata.*)
 *(.rel.gnu.linkonce.r*)

.rela.rodata
 *(.rela.rodata)
 *(.rela.rodata.*)
 *(.rela.gnu.linkonce.r*)

.rel.data
 *(.rel.data)
 *(.rel.data.*)
 *(.rel.gnu.linkonce.d*)

.rela.data
 *(.rela.data)
 *(.rela.data.*)
 *(.rela.gnu.linkonce.d*)

.rel.ctors
 *(.rel.ctors)

.rela.ctors
 *(.rela.ctors)

.rel.dtors
 *(.rel.dtors)

.rela.dtors
 *(.rela.dtors)

.rel.got
 *(.rel.got)

.rela.got
 *(.rela.got)

.rel.bss
 *(.rel.bss)

.rela.bss
 *(.rela.bss)

.rel.plt
 *(.rel.plt)

.rela.plt
 *(.rela.plt)

.text           0x00000000     0x1324
 *(.vectors)
 .vectors       0x00000000       0x54 C:/Program Files (x86)/Atmel/Studio/7.0/Packs/atmel/ATmega_DFP/1.3.300/gcc/dev/atmega32/avr5/crtatmega32.o
                0x00000000                __vector_default
                0x00000000                __vectors
 *(.vectors)
 *(.progmem.gcc*)
                0x00000054                . = ALIGN (0x2)
                0x00000054                __trampolines_start = .
 *(.trampolines)
 .trampolines   0x00000054        0x0 linker stubs
 *(.trampolines*)
                0x00000054                __trampolines_end = .
 *libprintf_flt.a:*(.progmem.data)
 *libc.a:*(.progmem.data)
 *(.progmem*)
                0x00000054                . = ALIGN (0x2)
 *(.jumptables)
 *(.jumptables*)
 *(.lowtext)
 *(.lowtext*)
                0x00000054                __ctors_start = .
 *(.ctors)
                0x00000054                __ctors_end = .
                0x00000054                __dtors_start = .
 *(.dtors)
                0x00000054                __dtors_end = .
 SORT(*)(.ctors)
 SORT(*)(.dtors)
 *(.init0)
 .init0         0x00000054        0x0 C:/Program Files (x86)/Atmel/Studio/7.0/Packs/atmel/ATmega_DFP/1.3.300/gcc/dev/atmega32/avr5/crtatmega32.o
                0x00000054                __init
 *(.init0)
 *(.init1)
 *(.init1)
 *(.init2)
 .init2         0x00000054        0xc C:/Program Files (x86)/Atmel/Studio/7.0/Packs/atmel/ATmega_DFP/1.3.300/gcc/dev/atmega32/avr5/crtatmega32.o
 *(.init2)
 *(.init3)
 *(.init3)
 *(.init4)
 .init4         0x00000060       0x16 c:/program files (x86)/atmel/studio/7.0/toolchain/avr8/avr8-gnu-toolchain/bin/../lib/gcc/avr/5.4.0/avr5\libgcc.a(_copy_data.o)
                0x00000060                __do_copy_data
 .init4         0x00000076       0x10 c:/program files (x86)/atmel/studio/7.0/toolchain/avr8/avr8-gnu-toolchain/bin/../lib/gcc/avr/5.4.0/avr5\libgcc.a(_clear_bss.o)
                0x00000076                __do_clear_bss
 *(.init4)
 *(.init5)
 *(.init5)
 *(.init6)
 *(.init6)
 *(.init7)
 *(.init7)
 *(.init8)
 *(.init8)
 *(.init9)
 .init9         0x00000086        0x8 C:/Program Files (x86)/Atmel/Studio/7.0/Packs/atmel/ATmega_DFP/1.3.300/gcc/dev/atmega32/avr5/crtatmega32.o
 *(.init9)
 *(.text)
 .text          0x0000008e        0x4 C:/Program Files (x86)/Atmel/Studio/7.0/Packs/atmel/ATmega_DFP/1.3.300/gcc/dev/atmega32/avr5/crtatmega32.o
                0x0000008e                __vector_1
                0x0000008e                __vector_12
                0x0000008e                __bad_interrupt
                0x0000008e                __vector_6
                0x0000008e                __vector_3
                0x0000008e                __vector_11
                0x0000008e                __vector_13
                0x0000008e                __vector_17
                0x0000008e                __vector_19
                0x0000008e                __vector_5
                0x0000008e                __vector_4
                0x0000008e                __vector_9
                0x0000008e                __vector_2
                0x0000008e                __vector_15
                0x0000008e                __vector_8
                0x0000008e                __vector_14
                0x0000008e                __vector_10
                0x0000008e                __vector_16
                0x0000008e                __vector_18
                0x0000008e                __vector_20
                0x00000092                . = ALIGN (0x2)
 *(.text.*)
 .text.TASK3    0x00000092       0x3c main.o
                0x00000092                TASK3
 .text.TASK2    0x000000ce       0x34 main.o
                0x000000ce                TASK2
 .text.TASK     0x00000102       0x34 main.o
                0x00000102                TASK
 .text.main     0x00000136       0xb4 main.o
                0x00000136                main
 .text.pvPortMalloc
                0x000001ea       0x6a rtos atmega32/heap_1.o
                0x000001ea                pvPortMalloc
 .text.vPortFree
                0x00000254        0x2 rtos atmega32/heap_1.o
                0x00000254                vPortFree
 .text.vListInitialise
                0x00000256       0x1c rtos atmega32/list.o
                0x00000256                vListInitialise
 .text.vListInitialiseItem
                0x00000272        0x8 rtos atmega32/list.o
                0x00000272                vListInitialiseItem
 .text.vListInsertEnd
                0x0000027a       0x42 rtos atmega32/list.o
                0x0000027a                vListInsertEnd
 .text.vListInsert
                0x000002bc       0x62 rtos atmega32/list.o
                0x000002bc                vListInsert
 .text.uxListRemove
                0x0000031e       0x4e rtos atmega32/list.o
                0x0000031e                uxListRemove
 .text.pxPortInitialiseStack
                0x0000036c       0xd8 rtos atmega32/port.o
                0x0000036c                pxPortInitialiseStack
 .text.xPortStartScheduler
                0x00000444       0x6a rtos atmega32/port.o
                0x00000444                xPortStartScheduler
 .text.vPortYield
                0x000004ae       0xb2 rtos atmega32/port.o
                0x000004ae                vPortYield
 .text.vPortYieldFromTick
                0x00000560       0xb8 rtos atmega32/port.o
                0x00000560                vPortYieldFromTick
 .text.__vector_7
                0x00000618        0x6 rtos atmega32/port.o
                0x00000618                __vector_7
 .text.prvIsQueueEmpty
                0x0000061e       0x16 rtos atmega32/queue.o
 .text.prvCopyDataToQueue
                0x00000634       0x92 rtos atmega32/queue.o
 .text.prvUnlockQueue
                0x000006c6       0x9a rtos atmega32/queue.o
 .text.xQueueGenericReset
                0x00000760       0x8c rtos atmega32/queue.o
                0x00000760                xQueueGenericReset
 .text.xQueueGenericCreate
                0x000007ec       0x46 rtos atmega32/queue.o
                0x000007ec                xQueueGenericCreate
 .text.xQueueGenericSend
                0x00000832      0x142 rtos atmega32/queue.o
                0x00000832                xQueueGenericSend
 .text.xQueueSemaphoreTake
                0x00000974      0x11a rtos atmega32/queue.o
                0x00000974                xQueueSemaphoreTake
 .text.prvResetNextTaskUnblockTime
                0x00000a8e       0x3e rtos atmega32/tasks.o
 .text.prvIdleTask
                0x00000acc       0x58 rtos atmega32/tasks.o
 .text.prvAddCurrentTaskToDelayedList
                0x00000b24       0xb0 rtos atmega32/tasks.o
 .text.xTaskCreate
                0x00000bd4      0x224 rtos atmega32/tasks.o
                0x00000bd4                xTaskCreate
 .text.vTaskStartScheduler
                0x00000df8       0x54 rtos atmega32/tasks.o
                0x00000df8                vTaskStartScheduler
 .text.vTaskSuspendAll
                0x00000e4c        0xc rtos atmega32/tasks.o
                0x00000e4c                vTaskSuspendAll
 .text.xTaskIncrementTick
                0x00000e58      0x17e rtos atmega32/tasks.o
                0x00000e58                xTaskIncrementTick
 .text.xTaskResumeAll
                0x00000fd6      0x106 rtos atmega32/tasks.o
                0x00000fd6                xTaskResumeAll
 .text.vTaskDelay
                0x000010dc       0x28 rtos atmega32/tasks.o
                0x000010dc                vTaskDelay
 .text.vTaskSwitchContext
                0x00001104       0xcc rtos atmega32/tasks.o
                0x00001104                vTaskSwitchContext
 .text.vTaskPlaceOnEventList
                0x000011d0       0x24 rtos atmega32/tasks.o
                0x000011d0                vTaskPlaceOnEventList
 .text.xTaskRemoveFromEventList
                0x000011f4       0x90 rtos atmega32/tasks.o
                0x000011f4                xTaskRemoveFromEventList
 .text.vTaskInternalSetTimeOutState
                0x00001284       0x16 rtos atmega32/tasks.o
                0x00001284                vTaskInternalSetTimeOutState
 .text.xTaskCheckForTimeOut
                0x0000129a       0x6c rtos atmega32/tasks.o
                0x0000129a                xTaskCheckForTimeOut
 .text.vTaskMissedYield
                0x00001306        0x8 rtos atmega32/tasks.o
                0x00001306                vTaskMissedYield
 .text.avr-libc
                0x0000130e       0x12 c:/program files (x86)/atmel/studio/7.0/toolchain/avr8/avr8-gnu-toolchain/bin/../lib/gcc/avr/5.4.0/../../../../avr/lib/avr5\libc.a(memcpy.o)
                0x0000130e                memcpy
                0x00001320                . = ALIGN (0x2)
 *(.fini9)
 .fini9         0x00001320        0x0 c:/program files (x86)/atmel/studio/7.0/toolchain/avr8/avr8-gnu-toolchain/bin/../lib/gcc/avr/5.4.0/avr5\libgcc.a(_exit.o)
                0x00001320                _exit
                0x00001320                exit
 *(.fini9)
 *(.fini8)
 *(.fini8)
 *(.fini7)
 *(.fini7)
 *(.fini6)
 *(.fini6)
 *(.fini5)
 *(.fini5)
 *(.fini4)
 *(.fini4)
 *(.fini3)
 *(.fini3)
 *(.fini2)
 *(.fini2)
 *(.fini1)
 *(.fini1)
 *(.fini0)
 .fini0         0x00001320        0x4 c:/program files (x86)/atmel/studio/7.0/toolchain/avr8/avr8-gnu-toolchain/bin/../lib/gcc/avr/5.4.0/avr5\libgcc.a(_exit.o)
 *(.fini0)
                0x00001324                _etext = .

.data           0x00800060        0x6 load address 0x00001324
                0x00800060                PROVIDE (__data_start, .)
 *(.data)
 *(.data*)
 *(.gnu.linkonce.d*)
 *(.rodata)
 *(.rodata*)
 .rodata.str1.1
                0x00800060        0x5 rtos atmega32/tasks.o
 *(.gnu.linkonce.r*)
                0x00800066                . = ALIGN (0x2)
 *fill*         0x00800065        0x1 
                0x00800066                _edata = .
                0x00800066                PROVIDE (__data_end, .)

.bss            0x00800066      0x2cf
                0x00800066                PROVIDE (__bss_start, .)
 *(.bss)
 *(.bss*)
 .bss.xsemaphr3
                0x00800066        0x2 main.o
                0x00800066                xsemaphr3
 .bss.xsemaphr2
                0x00800068        0x2 main.o
                0x00800068                xsemaphr2
 .bss.xsemaphr  0x0080006a        0x2 main.o
                0x0080006a                xsemaphr
 .bss.led3      0x0080006c        0x2 main.o
                0x0080006c                led3
 .bss.led2      0x0080006e        0x2 main.o
                0x0080006e                led2
 .bss.led1      0x00800070        0x2 main.o
                0x00800070                led1
 .bss.pucAlignedHeap.2100
                0x00800072        0x2 rtos atmega32/heap_1.o
 .bss.xNextFreeByte
                0x00800074        0x2 rtos atmega32/heap_1.o
 .bss.ucHeap    0x00800076      0x258 rtos atmega32/heap_1.o
 .bss.uxSchedulerSuspended
                0x008002ce        0x1 rtos atmega32/tasks.o
 .bss.xIdleTaskHandle
                0x008002cf        0x2 rtos atmega32/tasks.o
 .bss.xNextTaskUnblockTime
                0x008002d1        0x2 rtos atmega32/tasks.o
 .bss.uxTaskNumber
                0x008002d3        0x1 rtos atmega32/tasks.o
 .bss.xNumOfOverflows
                0x008002d4        0x1 rtos atmega32/tasks.o
 .bss.xYieldPending
                0x008002d5        0x1 rtos atmega32/tasks.o
 .bss.xPendedTicks
                0x008002d6        0x2 rtos atmega32/tasks.o
 .bss.xSchedulerRunning
                0x008002d8        0x1 rtos atmega32/tasks.o
 .bss.uxTopReadyPriority
                0x008002d9        0x1 rtos atmega32/tasks.o
 .bss.xTickCount
                0x008002da        0x2 rtos atmega32/tasks.o
 .bss.uxCurrentNumberOfTasks
                0x008002dc        0x1 rtos atmega32/tasks.o
 .bss.xSuspendedTaskList
                0x008002dd        0x9 rtos atmega32/tasks.o
 .bss.uxDeletedTasksWaitingCleanUp
                0x008002e6        0x1 rtos atmega32/tasks.o
 .bss.xTasksWaitingTermination
                0x008002e7        0x9 rtos atmega32/tasks.o
 .bss.xPendingReadyList
                0x008002f0        0x9 rtos atmega32/tasks.o
 .bss.pxOverflowDelayedTaskList
                0x008002f9        0x2 rtos atmega32/tasks.o
 .bss.pxDelayedTaskList
                0x008002fb        0x2 rtos atmega32/tasks.o
 .bss.xDelayedTaskList2
                0x008002fd        0x9 rtos atmega32/tasks.o
 .bss.xDelayedTaskList1
                0x00800306        0x9 rtos atmega32/tasks.o
 .bss.pxReadyTasksLists
                0x0080030f       0x24 rtos atmega32/tasks.o
 .bss.pxCurrentTCB
                0x00800333        0x2 rtos atmega32/tasks.o
                0x00800333                pxCurrentTCB
 *(COMMON)
                0x00800335                PROVIDE (__bss_end, .)
                0x00001324                __data_load_start = LOADADDR (.data)
                0x0000132a                __data_load_end = (__data_load_start + SIZEOF (.data))

.noinit         0x00800335        0x0
                [!provide]                PROVIDE (__noinit_start, .)
 *(.noinit*)
                [!provide]                PROVIDE (__noinit_end, .)
                0x00800335                _end = .
                [!provide]                PROVIDE (__heap_start, .)

.eeprom         0x00810000        0x0
 *(.eeprom*)
                0x00810000                __eeprom_end = .

.fuse
 *(.fuse)
 *(.lfuse)
 *(.hfuse)
 *(.efuse)

.lock
 *(.lock*)

.signature
 *(.signature*)

.user_signatures
 *(.user_signatures*)

.stab
 *(.stab)

.stabstr
 *(.stabstr)

.stab.excl
 *(.stab.excl)

.stab.exclstr
 *(.stab.exclstr)

.stab.index
 *(.stab.index)

.stab.indexstr
 *(.stab.indexstr)

.comment        0x00000000       0x30
 *(.comment)
 .comment       0x00000000       0x30 main.o
                                 0x31 (size before relaxing)
 .comment       0x00000030       0x31 rtos atmega32/heap_1.o
 .comment       0x00000030       0x31 rtos atmega32/list.o
 .comment       0x00000030       0x31 rtos atmega32/port.o
 .comment       0x00000030       0x31 rtos atmega32/queue.o
 .comment       0x00000030       0x31 rtos atmega32/tasks.o

.note.gnu.avr.deviceinfo
                0x00000000       0x3c
 .note.gnu.avr.deviceinfo
                0x00000000       0x3c C:/Program Files (x86)/Atmel/Studio/7.0/Packs/atmel/ATmega_DFP/1.3.300/gcc/dev/atmega32/avr5/crtatmega32.o

.note.gnu.build-id
 *(.note.gnu.build-id)

.debug
 *(.debug)

.line
 *(.line)

.debug_srcinfo
 *(.debug_srcinfo)

.debug_sfnames
 *(.debug_sfnames)

.debug_aranges  0x00000000      0x308
 *(.debug_aranges)
 .debug_aranges
                0x00000000       0x38 main.o
 .debug_aranges
                0x00000038       0x38 rtos atmega32/heap_1.o
 .debug_aranges
                0x00000070       0x40 rtos atmega32/list.o
 .debug_aranges
                0x000000b0       0x48 rtos atmega32/port.o
 .debug_aranges
                0x000000f8       0xb8 rtos atmega32/queue.o
 .debug_aranges
                0x000001b0      0x158 rtos atmega32/tasks.o

.debug_pubnames
 *(.debug_pubnames)

.debug_info     0x00000000     0x421d
 *(.debug_info .gnu.linkonce.wi.*)
 .debug_info    0x00000000      0x4e6 C:/Program Files (x86)/Atmel/Studio/7.0/Packs/atmel/ATmega_DFP/1.3.300/gcc/dev/atmega32/avr5/crtatmega32.o
 .debug_info    0x000004e6      0x4c5 main.o
 .debug_info    0x000009ab      0x1a4 rtos atmega32/heap_1.o
 .debug_info    0x00000b4f      0x2d8 rtos atmega32/list.o
 .debug_info    0x00000e27      0x263 rtos atmega32/port.o
 .debug_info    0x0000108a     0x145b rtos atmega32/queue.o
 .debug_info    0x000024e5     0x1d38 rtos atmega32/tasks.o

.debug_abbrev   0x00000000      0xedd
 *(.debug_abbrev)
 .debug_abbrev  0x00000000      0x4a3 C:/Program Files (x86)/Atmel/Studio/7.0/Packs/atmel/ATmega_DFP/1.3.300/gcc/dev/atmega32/avr5/crtatmega32.o
 .debug_abbrev  0x000004a3       0xef main.o
 .debug_abbrev  0x00000592      0x11c rtos atmega32/heap_1.o
 .debug_abbrev  0x000006ae       0xff rtos atmega32/list.o
 .debug_abbrev  0x000007ad      0x155 rtos atmega32/port.o
 .debug_abbrev  0x00000902      0x2af rtos atmega32/queue.o
 .debug_abbrev  0x00000bb1      0x32c rtos atmega32/tasks.o

.debug_line     0x00000000     0x233f
 *(.debug_line .debug_line.* .debug_line_end)
 .debug_line    0x00000000      0x115 C:/Program Files (x86)/Atmel/Studio/7.0/Packs/atmel/ATmega_DFP/1.3.300/gcc/dev/atmega32/avr5/crtatmega32.o
 .debug_line    0x00000115      0x1e4 main.o
 .debug_line    0x000002f9      0x1ab rtos atmega32/heap_1.o
 .debug_line    0x000004a4      0x1db rtos atmega32/list.o
 .debug_line    0x0000067f      0x294 rtos atmega32/port.o
 .debug_line    0x00000913      0x9fe rtos atmega32/queue.o
 .debug_line    0x00001311     0x102e rtos atmega32/tasks.o

.debug_frame    0x00000000      0x9a0
 *(.debug_frame)
 .debug_frame   0x00000000       0x54 main.o
 .debug_frame   0x00000054       0x60 rtos atmega32/heap_1.o
 .debug_frame   0x000000b4       0x88 rtos atmega32/list.o
 .debug_frame   0x0000013c       0x74 rtos atmega32/port.o
 .debug_frame   0x000001b0      0x2ec rtos atmega32/queue.o
 .debug_frame   0x0000049c      0x504 rtos atmega32/tasks.o

.debug_str      0x00000000     0x13ae
 *(.debug_str)
 .debug_str     0x00000000      0x196 C:/Program Files (x86)/Atmel/Studio/7.0/Packs/atmel/ATmega_DFP/1.3.300/gcc/dev/atmega32/avr5/crtatmega32.o
 .debug_str     0x00000196      0x297 main.o
                                0x2db (size before relaxing)
 .debug_str     0x0000042d       0xc4 rtos atmega32/heap_1.o
                                0x270 (size before relaxing)
 .debug_str     0x000004f1      0x135 rtos atmega32/list.o
                                0x2ff (size before relaxing)
 .debug_str     0x00000626      0x124 rtos atmega32/port.o
                                0x2f8 (size before relaxing)
 .debug_str     0x0000074a      0x44e rtos atmega32/queue.o
                                0x7c0 (size before relaxing)
 .debug_str     0x00000b98      0x816 rtos atmega32/tasks.o
                                0xd1e (size before relaxing)

.debug_loc      0x00000000     0x3cf7
 *(.debug_loc)
 .debug_loc     0x00000000       0xf1 rtos atmega32/heap_1.o
 .debug_loc     0x000000f1      0x145 rtos atmega32/list.o
 .debug_loc     0x00000236      0x29f rtos atmega32/port.o
 .debug_loc     0x000004d5     0x1823 rtos atmega32/queue.o
 .debug_loc     0x00001cf8     0x1fff rtos atmega32/tasks.o

.debug_macinfo
 *(.debug_macinfo)

.debug_weaknames
 *(.debug_weaknames)

.debug_funcnames
 *(.debug_funcnames)

.debug_typenames
 *(.debug_typenames)

.debug_varnames
 *(.debug_varnames)

.debug_pubtypes
 *(.debug_pubtypes)

.debug_ranges   0x00000000      0x398
 *(.debug_ranges)
 .debug_ranges  0x00000000       0x28 main.o
 .debug_ranges  0x00000028       0x28 rtos atmega32/heap_1.o
 .debug_ranges  0x00000050       0x30 rtos atmega32/list.o
 .debug_ranges  0x00000080       0x38 rtos atmega32/port.o
 .debug_ranges  0x000000b8      0x138 rtos atmega32/queue.o
 .debug_ranges  0x000001f0      0x1a8 rtos atmega32/tasks.o

.debug_macro
 *(.debug_macro)
OUTPUT(rtos-semaphore-synch-tasks.elf elf32-avr)
LOAD linker stubs
