Archive member included to satisfy reference by file (symbol)

c:/program files (x86)/atmel/studio/7.0/toolchain/avr8/avr8-gnu-toolchain/bin/../lib/gcc/avr/5.4.0/avr5\libgcc.a(_exit.o)
                              C:/Program Files (x86)/Atmel/Studio/7.0/Packs/atmel/ATmega_DFP/1.3.300/gcc/dev/atmega32/avr5/crtatmega32.o (exit)
c:/program files (x86)/atmel/studio/7.0/toolchain/avr8/avr8-gnu-toolchain/bin/../lib/gcc/avr/5.4.0/avr5\libgcc.a(_copy_data.o)
                              main.o (__do_copy_data)
c:/program files (x86)/atmel/studio/7.0/toolchain/avr8/avr8-gnu-toolchain/bin/../lib/gcc/avr/5.4.0/avr5\libgcc.a(_clear_bss.o)
                              main.o (__do_clear_bss)
c:/program files (x86)/atmel/studio/7.0/toolchain/avr8/avr8-gnu-toolchain/bin/../lib/gcc/avr/5.4.0/../../../../avr/lib/avr5\libc.a(memcpy.o)
                              rtos atmega32/queue.o (memcpy)

Discarded input sections

 .data          0x00000000        0x0 C:/Program Files (x86)/Atmel/Studio/7.0/Packs/atmel/ATmega_DFP/1.3.300/gcc/dev/atmega32/avr5/crtatmega32.o
 .bss           0x00000000        0x0 C:/Program Files (x86)/Atmel/Studio/7.0/Packs/atmel/ATmega_DFP/1.3.300/gcc/dev/atmega32/avr5/crtatmega32.o
 .text          0x00000000        0x0 lcd_drive.o
 .data          0x00000000        0x0 lcd_drive.o
 .bss           0x00000000        0x0 lcd_drive.o
 .text.Lcd_Chr  0x00000000       0x36 lcd_drive.o
 .text.Lcd_Chr_Cp
                0x00000000       0x12 lcd_drive.o
 .text.Lcd_Out_Cp
                0x00000000       0x2a lcd_drive.o
 .text          0x00000000        0x0 main.o
 .data          0x00000000        0x0 main.o
 .bss           0x00000000        0x0 main.o
 .text          0x00000000        0x0 rtos atmega32/croutine.o
 .data          0x00000000        0x0 rtos atmega32/croutine.o
 .bss           0x00000000        0x0 rtos atmega32/croutine.o
 .debug_info    0x00000000       0x64 rtos atmega32/croutine.o
 .debug_abbrev  0x00000000       0x26 rtos atmega32/croutine.o
 .debug_aranges
                0x00000000       0x18 rtos atmega32/croutine.o
 .debug_line    0x00000000       0x1a rtos atmega32/croutine.o
 .debug_str     0x00000000      0x1a0 rtos atmega32/croutine.o
 .comment       0x00000000       0x31 rtos atmega32/croutine.o
 .text          0x00000000        0x0 rtos atmega32/event_groups.o
 .data          0x00000000        0x0 rtos atmega32/event_groups.o
 .bss           0x00000000        0x0 rtos atmega32/event_groups.o
 .text.xEventGroupCreate
                0x00000000       0x26 rtos atmega32/event_groups.o
 .text.xEventGroupWaitBits
                0x00000000      0x110 rtos atmega32/event_groups.o
 .text.xEventGroupClearBits
                0x00000000       0x1e rtos atmega32/event_groups.o
 .text.xEventGroupGetBitsFromISR
                0x00000000        0x8 rtos atmega32/event_groups.o
 .text.xEventGroupSetBits
                0x00000000       0xdc rtos atmega32/event_groups.o
 .text.xEventGroupSync
                0x00000000       0xd2 rtos atmega32/event_groups.o
 .text.vEventGroupDelete
                0x00000000       0x32 rtos atmega32/event_groups.o
 .text.vEventGroupSetBitsCallback
                0x00000000        0x8 rtos atmega32/event_groups.o
 .text.vEventGroupClearBitsCallback
                0x00000000        0x8 rtos atmega32/event_groups.o
 .debug_info    0x00000000      0x90b rtos atmega32/event_groups.o
 .debug_abbrev  0x00000000      0x20c rtos atmega32/event_groups.o
 .debug_loc     0x00000000      0xb78 rtos atmega32/event_groups.o
 .debug_aranges
                0x00000000       0x60 rtos atmega32/event_groups.o
 .debug_ranges  0x00000000       0x68 rtos atmega32/event_groups.o
 .debug_line    0x00000000      0x3a2 rtos atmega32/event_groups.o
 .debug_str     0x00000000      0x5b4 rtos atmega32/event_groups.o
 .comment       0x00000000       0x31 rtos atmega32/event_groups.o
 .debug_frame   0x00000000      0x158 rtos atmega32/event_groups.o
 .text          0x00000000        0x0 rtos atmega32/heap_1.o
 .data          0x00000000        0x0 rtos atmega32/heap_1.o
 .bss           0x00000000        0x0 rtos atmega32/heap_1.o
 .text.vPortInitialiseBlocks
                0x00000000        0xa rtos atmega32/heap_1.o
 .text.xPortGetFreeHeapSize
                0x00000000       0x12 rtos atmega32/heap_1.o
 .text          0x00000000        0x0 rtos atmega32/list.o
 .data          0x00000000        0x0 rtos atmega32/list.o
 .bss           0x00000000        0x0 rtos atmega32/list.o
 .text          0x00000000        0x0 rtos atmega32/port.o
 .data          0x00000000        0x0 rtos atmega32/port.o
 .bss           0x00000000        0x0 rtos atmega32/port.o
 .text.vPortEndScheduler
                0x00000000        0x2 rtos atmega32/port.o
 .text          0x00000000        0x0 rtos atmega32/queue.o
 .data          0x00000000        0x0 rtos atmega32/queue.o
 .bss           0x00000000        0x0 rtos atmega32/queue.o
 .text.prvCopyDataFromQueue
                0x00000000       0x34 rtos atmega32/queue.o
 .text.xQueueGenericSendFromISR
                0x00000000       0x78 rtos atmega32/queue.o
 .text.xQueueGiveFromISR
                0x00000000       0x52 rtos atmega32/queue.o
 .text.xQueueReceive
                0x00000000      0x132 rtos atmega32/queue.o
 .text.xQueuePeek
                0x00000000      0x132 rtos atmega32/queue.o
 .text.xQueueReceiveFromISR
                0x00000000       0x6e rtos atmega32/queue.o
 .text.xQueuePeekFromISR
                0x00000000       0x2e rtos atmega32/queue.o
 .text.uxQueueMessagesWaiting
                0x00000000       0x10 rtos atmega32/queue.o
 .text.uxQueueSpacesAvailable
                0x00000000       0x14 rtos atmega32/queue.o
 .text.uxQueueMessagesWaitingFromISR
                0x00000000        0x6 rtos atmega32/queue.o
 .text.vQueueDelete
                0x00000000        0x6 rtos atmega32/queue.o
 .text.xQueueIsQueueEmptyFromISR
                0x00000000        0xc rtos atmega32/queue.o
 .text.xQueueIsQueueFullFromISR
                0x00000000        0xe rtos atmega32/queue.o
 .text          0x00000000        0x0 rtos atmega32/stream_buffer.o
 .data          0x00000000        0x0 rtos atmega32/stream_buffer.o
 .bss           0x00000000        0x0 rtos atmega32/stream_buffer.o
 .text.prvBytesInBuffer
                0x00000000       0x26 rtos atmega32/stream_buffer.o
 .text.prvWriteBytesToBuffer
                0x00000000       0x92 rtos atmega32/stream_buffer.o
 .text.prvWriteMessageToBuffer
                0x00000000       0x82 rtos atmega32/stream_buffer.o
 .text.prvReadBytesFromBuffer
                0x00000000       0x9e rtos atmega32/stream_buffer.o
 .text.xStreamBufferGenericCreate
                0x00000000       0x5a rtos atmega32/stream_buffer.o
 .text.vStreamBufferDelete
                0x00000000       0x1a rtos atmega32/stream_buffer.o
 .text.xStreamBufferReset
                0x00000000       0x74 rtos atmega32/stream_buffer.o
 .text.xStreamBufferSetTriggerLevel
                0x00000000       0x22 rtos atmega32/stream_buffer.o
 .text.xStreamBufferSpacesAvailable
                0x00000000       0x24 rtos atmega32/stream_buffer.o
 .text.xStreamBufferBytesAvailable
                0x00000000        0x6 rtos atmega32/stream_buffer.o
 .text.xStreamBufferSend
                0x00000000      0x146 rtos atmega32/stream_buffer.o
 .text.xStreamBufferSendFromISR
                0x00000000       0x8c rtos atmega32/stream_buffer.o
 .text.xStreamBufferReceive
                0x00000000      0x148 rtos atmega32/stream_buffer.o
 .text.xStreamBufferNextMessageLengthBytes
                0x00000000       0x66 rtos atmega32/stream_buffer.o
 .text.xStreamBufferReceiveFromISR
                0x00000000       0xe6 rtos atmega32/stream_buffer.o
 .text.xStreamBufferIsEmpty
                0x00000000       0x16 rtos atmega32/stream_buffer.o
 .text.xStreamBufferIsFull
                0x00000000       0x2c rtos atmega32/stream_buffer.o
 .text.xStreamBufferSendCompletedFromISR
                0x00000000       0x46 rtos atmega32/stream_buffer.o
 .text.xStreamBufferReceiveCompletedFromISR
                0x00000000       0x46 rtos atmega32/stream_buffer.o
 .debug_info    0x00000000     0x137e rtos atmega32/stream_buffer.o
 .debug_abbrev  0x00000000      0x29b rtos atmega32/stream_buffer.o
 .debug_loc     0x00000000     0x1cde rtos atmega32/stream_buffer.o
 .debug_aranges
                0x00000000       0xb0 rtos atmega32/stream_buffer.o
 .debug_ranges  0x00000000       0xa0 rtos atmega32/stream_buffer.o
 .debug_line    0x00000000      0x74e rtos atmega32/stream_buffer.o
 .debug_str     0x00000000      0x7cc rtos atmega32/stream_buffer.o
 .comment       0x00000000       0x31 rtos atmega32/stream_buffer.o
 .debug_frame   0x00000000      0x38c rtos atmega32/stream_buffer.o
 .text          0x00000000        0x0 rtos atmega32/tasks.o
 .data          0x00000000        0x0 rtos atmega32/tasks.o
 .bss           0x00000000        0x0 rtos atmega32/tasks.o
 .text.uxTaskPriorityGet
                0x00000000       0x1e rtos atmega32/tasks.o
 .text.uxTaskPriorityGetFromISR
                0x00000000       0x14 rtos atmega32/tasks.o
 .text.vTaskPrioritySet
                0x00000000       0xf8 rtos atmega32/tasks.o
 .text.vTaskResume
                0x00000000       0x9e rtos atmega32/tasks.o
 .text.xTaskResumeFromISR
                0x00000000       0xae rtos atmega32/tasks.o
 .text.vTaskEndScheduler
                0x00000000        0xc rtos atmega32/tasks.o
 .text.xTaskGetTickCount
                0x00000000       0x14 rtos atmega32/tasks.o
 .text.xTaskGetTickCountFromISR
                0x00000000        0xa rtos atmega32/tasks.o
 .text.uxTaskGetNumberOfTasks
                0x00000000        0x6 rtos atmega32/tasks.o
 .text.pcTaskGetName
                0x00000000       0x10 rtos atmega32/tasks.o
 .text.vTaskDelayUntil
                0x00000000       0x7c rtos atmega32/tasks.o
 .text.xTaskCatchUpTicks
                0x00000000       0x28 rtos atmega32/tasks.o
 .text.vTaskSuspend
                0x00000000       0xa4 rtos atmega32/tasks.o
 .text.vTaskPlaceOnUnorderedEventList
                0x00000000       0x32 rtos atmega32/tasks.o
 .text.vTaskRemoveFromUnorderedEventList
                0x00000000       0x70 rtos atmega32/tasks.o
 .text.vTaskSetTimeOutState
                0x00000000       0x20 rtos atmega32/tasks.o
 .text.xTaskGetCurrentTaskHandle
                0x00000000        0xa rtos atmega32/tasks.o
 .text.uxTaskResetEventItemValue
                0x00000000       0x2e rtos atmega32/tasks.o
 .text.ulTaskNotifyTake
                0x00000000       0xae rtos atmega32/tasks.o
 .text.xTaskNotifyWait
                0x00000000      0x108 rtos atmega32/tasks.o
 .text.xTaskGenericNotify
                0x00000000       0xfc rtos atmega32/tasks.o
 .text.xTaskGenericNotifyFromISR
                0x00000000      0x120 rtos atmega32/tasks.o
 .text.vTaskNotifyGiveFromISR
                0x00000000       0xb4 rtos atmega32/tasks.o
 .text.xTaskNotifyStateClear
                0x00000000       0x28 rtos atmega32/tasks.o
 .text.ulTaskNotifyValueClear
                0x00000000       0x66 rtos atmega32/tasks.o
 .text          0x00000000        0x0 rtos atmega32/timers.o
 .data          0x00000000        0x0 rtos atmega32/timers.o
 .bss           0x00000000        0x0 rtos atmega32/timers.o
 .debug_info    0x00000000       0x64 rtos atmega32/timers.o
 .debug_abbrev  0x00000000       0x26 rtos atmega32/timers.o
 .debug_aranges
                0x00000000       0x18 rtos atmega32/timers.o
 .debug_line    0x00000000       0x1a rtos atmega32/timers.o
 .debug_str     0x00000000      0x19e rtos atmega32/timers.o
 .comment       0x00000000       0x31 rtos atmega32/timers.o
 .text          0x00000000        0x0 c:/program files (x86)/atmel/studio/7.0/toolchain/avr8/avr8-gnu-toolchain/bin/../lib/gcc/avr/5.4.0/avr5\libgcc.a(_exit.o)
 .data          0x00000000        0x0 c:/program files (x86)/atmel/studio/7.0/toolchain/avr8/avr8-gnu-toolchain/bin/../lib/gcc/avr/5.4.0/avr5\libgcc.a(_exit.o)
 .bss           0x00000000        0x0 c:/program files (x86)/atmel/studio/7.0/toolchain/avr8/avr8-gnu-toolchain/bin/../lib/gcc/avr/5.4.0/avr5\libgcc.a(_exit.o)
 .text.libgcc.mul
                0x00000000        0x0 c:/program files (x86)/atmel/studio/7.0/toolchain/avr8/avr8-gnu-toolchain/bin/../lib/gcc/avr/5.4.0/avr5\libgcc.a(_exit.o)
 .text.libgcc.div
                0x00000000        0x0 c:/program files (x86)/atmel/studio/7.0/toolchain/avr8/avr8-gnu-toolchain/bin/../lib/gcc/avr/5.4.0/avr5\libgcc.a(_exit.o)
 .text.libgcc   0x00000000        0x0 c:/program files (x86)/atmel/studio/7.0/toolchain/avr8/avr8-gnu-toolchain/bin/../lib/gcc/avr/5.4.0/avr5\libgcc.a(_exit.o)
 .text.libgcc.prologue
                0x00000000        0x0 c:/program files (x86)/atmel/studio/7.0/toolchain/avr8/avr8-gnu-toolchain/bin/../lib/gcc/avr/5.4.0/avr5\libgcc.a(_exit.o)
 .text.libgcc.builtins
                0x00000000        0x0 c:/program files (x86)/atmel/studio/7.0/toolchain/avr8/avr8-gnu-toolchain/bin/../lib/gcc/avr/5.4.0/avr5\libgcc.a(_exit.o)
 .text.libgcc.fmul
                0x00000000        0x0 c:/program files (x86)/atmel/studio/7.0/toolchain/avr8/avr8-gnu-toolchain/bin/../lib/gcc/avr/5.4.0/avr5\libgcc.a(_exit.o)
 .text.libgcc.fixed
                0x00000000        0x0 c:/program files (x86)/atmel/studio/7.0/toolchain/avr8/avr8-gnu-toolchain/bin/../lib/gcc/avr/5.4.0/avr5\libgcc.a(_exit.o)
 .text          0x00000000        0x0 c:/program files (x86)/atmel/studio/7.0/toolchain/avr8/avr8-gnu-toolchain/bin/../lib/gcc/avr/5.4.0/avr5\libgcc.a(_copy_data.o)
 .data          0x00000000        0x0 c:/program files (x86)/atmel/studio/7.0/toolchain/avr8/avr8-gnu-toolchain/bin/../lib/gcc/avr/5.4.0/avr5\libgcc.a(_copy_data.o)
 .bss           0x00000000        0x0 c:/program files (x86)/atmel/studio/7.0/toolchain/avr8/avr8-gnu-toolchain/bin/../lib/gcc/avr/5.4.0/avr5\libgcc.a(_copy_data.o)
 .text.libgcc.mul
                0x00000000        0x0 c:/program files (x86)/atmel/studio/7.0/toolchain/avr8/avr8-gnu-toolchain/bin/../lib/gcc/avr/5.4.0/avr5\libgcc.a(_copy_data.o)
 .text.libgcc.div
                0x00000000        0x0 c:/program files (x86)/atmel/studio/7.0/toolchain/avr8/avr8-gnu-toolchain/bin/../lib/gcc/avr/5.4.0/avr5\libgcc.a(_copy_data.o)
 .text.libgcc   0x00000000        0x0 c:/program files (x86)/atmel/studio/7.0/toolchain/avr8/avr8-gnu-toolchain/bin/../lib/gcc/avr/5.4.0/avr5\libgcc.a(_copy_data.o)
 .text.libgcc.prologue
                0x00000000        0x0 c:/program files (x86)/atmel/studio/7.0/toolchain/avr8/avr8-gnu-toolchain/bin/../lib/gcc/avr/5.4.0/avr5\libgcc.a(_copy_data.o)
 .text.libgcc.builtins
                0x00000000        0x0 c:/program files (x86)/atmel/studio/7.0/toolchain/avr8/avr8-gnu-toolchain/bin/../lib/gcc/avr/5.4.0/avr5\libgcc.a(_copy_data.o)
 .text.libgcc.fmul
                0x00000000        0x0 c:/program files (x86)/atmel/studio/7.0/toolchain/avr8/avr8-gnu-toolchain/bin/../lib/gcc/avr/5.4.0/avr5\libgcc.a(_copy_data.o)
 .text.libgcc.fixed
                0x00000000        0x0 c:/program files (x86)/atmel/studio/7.0/toolchain/avr8/avr8-gnu-toolchain/bin/../lib/gcc/avr/5.4.0/avr5\libgcc.a(_copy_data.o)
 .text          0x00000000        0x0 c:/program files (x86)/atmel/studio/7.0/toolchain/avr8/avr8-gnu-toolchain/bin/../lib/gcc/avr/5.4.0/avr5\libgcc.a(_clear_bss.o)
 .data          0x00000000        0x0 c:/program files (x86)/atmel/studio/7.0/toolchain/avr8/avr8-gnu-toolchain/bin/../lib/gcc/avr/5.4.0/avr5\libgcc.a(_clear_bss.o)
 .bss           0x00000000        0x0 c:/program files (x86)/atmel/studio/7.0/toolchain/avr8/avr8-gnu-toolchain/bin/../lib/gcc/avr/5.4.0/avr5\libgcc.a(_clear_bss.o)
 .text.libgcc.mul
                0x00000000        0x0 c:/program files (x86)/atmel/studio/7.0/toolchain/avr8/avr8-gnu-toolchain/bin/../lib/gcc/avr/5.4.0/avr5\libgcc.a(_clear_bss.o)
 .text.libgcc.div
                0x00000000        0x0 c:/program files (x86)/atmel/studio/7.0/toolchain/avr8/avr8-gnu-toolchain/bin/../lib/gcc/avr/5.4.0/avr5\libgcc.a(_clear_bss.o)
 .text.libgcc   0x00000000        0x0 c:/program files (x86)/atmel/studio/7.0/toolchain/avr8/avr8-gnu-toolchain/bin/../lib/gcc/avr/5.4.0/avr5\libgcc.a(_clear_bss.o)
 .text.libgcc.prologue
                0x00000000        0x0 c:/program files (x86)/atmel/studio/7.0/toolchain/avr8/avr8-gnu-toolchain/bin/../lib/gcc/avr/5.4.0/avr5\libgcc.a(_clear_bss.o)
 .text.libgcc.builtins
                0x00000000        0x0 c:/program files (x86)/atmel/studio/7.0/toolchain/avr8/avr8-gnu-toolchain/bin/../lib/gcc/avr/5.4.0/avr5\libgcc.a(_clear_bss.o)
 .text.libgcc.fmul
                0x00000000        0x0 c:/program files (x86)/atmel/studio/7.0/toolchain/avr8/avr8-gnu-toolchain/bin/../lib/gcc/avr/5.4.0/avr5\libgcc.a(_clear_bss.o)
 .text.libgcc.fixed
                0x00000000        0x0 c:/program files (x86)/atmel/studio/7.0/toolchain/avr8/avr8-gnu-toolchain/bin/../lib/gcc/avr/5.4.0/avr5\libgcc.a(_clear_bss.o)
 .text          0x00000000        0x0 c:/program files (x86)/atmel/studio/7.0/toolchain/avr8/avr8-gnu-toolchain/bin/../lib/gcc/avr/5.4.0/../../../../avr/lib/avr5\libc.a(memcpy.o)
 .data          0x00000000        0x0 c:/program files (x86)/atmel/studio/7.0/toolchain/avr8/avr8-gnu-toolchain/bin/../lib/gcc/avr/5.4.0/../../../../avr/lib/avr5\libc.a(memcpy.o)
 .bss           0x00000000        0x0 c:/program files (x86)/atmel/studio/7.0/toolchain/avr8/avr8-gnu-toolchain/bin/../lib/gcc/avr/5.4.0/../../../../avr/lib/avr5\libc.a(memcpy.o)

Memory Configuration

Name             Origin             Length             Attributes
text             0x00000000         0x00020000         xr
data             0x00800060         0x0000ffa0         rw !x
eeprom           0x00810000         0x00010000         rw !x
fuse             0x00820000         0x00000002         rw !x
lock             0x00830000         0x00000400         rw !x
signature        0x00840000         0x00000400         rw !x
user_signatures  0x00850000         0x00000400         rw !x
*default*        0x00000000         0xffffffff

Linker script and memory map

LOAD C:/Program Files (x86)/Atmel/Studio/7.0/Packs/atmel/ATmega_DFP/1.3.300/gcc/dev/atmega32/avr5/crtatmega32.o
LOAD lcd_drive.o
LOAD main.o
LOAD rtos atmega32/croutine.o
LOAD rtos atmega32/event_groups.o
LOAD rtos atmega32/heap_1.o
LOAD rtos atmega32/list.o
LOAD rtos atmega32/port.o
LOAD rtos atmega32/queue.o
LOAD rtos atmega32/stream_buffer.o
LOAD rtos atmega32/tasks.o
LOAD rtos atmega32/timers.o
START GROUP
LOAD c:/program files (x86)/atmel/studio/7.0/toolchain/avr8/avr8-gnu-toolchain/bin/../lib/gcc/avr/5.4.0/../../../../avr/lib/avr5\libm.a
END GROUP
START GROUP
LOAD c:/program files (x86)/atmel/studio/7.0/toolchain/avr8/avr8-gnu-toolchain/bin/../lib/gcc/avr/5.4.0/avr5\libgcc.a
LOAD c:/program files (x86)/atmel/studio/7.0/toolchain/avr8/avr8-gnu-toolchain/bin/../lib/gcc/avr/5.4.0/../../../../avr/lib/avr5\libm.a
LOAD c:/program files (x86)/atmel/studio/7.0/toolchain/avr8/avr8-gnu-toolchain/bin/../lib/gcc/avr/5.4.0/../../../../avr/lib/avr5\libc.a
LOAD C:/Program Files (x86)/Atmel/Studio/7.0/Packs/atmel/ATmega_DFP/1.3.300/gcc/dev/atmega32/avr5\libatmega32.a
END GROUP
                0x00000000                __TEXT_REGION_ORIGIN__ = DEFINED (__TEXT_REGION_ORIGIN__)?__TEXT_REGION_ORIGIN__:0x0
                0x00800060                __DATA_REGION_ORIGIN__ = DEFINED (__DATA_REGION_ORIGIN__)?__DATA_REGION_ORIGIN__:0x800060
                0x00020000                __TEXT_REGION_LENGTH__ = DEFINED (__TEXT_REGION_LENGTH__)?__TEXT_REGION_LENGTH__:0x20000
                0x0000ffa0                __DATA_REGION_LENGTH__ = DEFINED (__DATA_REGION_LENGTH__)?__DATA_REGION_LENGTH__:0xffa0
                0x00010000                __EEPROM_REGION_LENGTH__ = DEFINED (__EEPROM_REGION_LENGTH__)?__EEPROM_REGION_LENGTH__:0x10000
                [0x00000002]                __FUSE_REGION_LENGTH__ = DEFINED (__FUSE_REGION_LENGTH__)?__FUSE_REGION_LENGTH__:0x400
                0x00000400                __LOCK_REGION_LENGTH__ = DEFINED (__LOCK_REGION_LENGTH__)?__LOCK_REGION_LENGTH__:0x400
                0x00000400                __SIGNATURE_REGION_LENGTH__ = DEFINED (__SIGNATURE_REGION_LENGTH__)?__SIGNATURE_REGION_LENGTH__:0x400
                0x00000400                __USER_SIGNATURE_REGION_LENGTH__ = DEFINED (__USER_SIGNATURE_REGION_LENGTH__)?__USER_SIGNATURE_REGION_LENGTH__:0x400

.hash
 *(.hash)

.dynsym
 *(.dynsym)

.dynstr
 *(.dynstr)

.gnu.version
 *(.gnu.version)

.gnu.version_d
 *(.gnu.version_d)

.gnu.version_r
 *(.gnu.version_r)

.rel.init
 *(.rel.init)

.rela.init
 *(.rela.init)

.rel.text
 *(.rel.text)
 *(.rel.text.*)
 *(.rel.gnu.linkonce.t*)

.rela.text
 *(.rela.text)
 *(.rela.text.*)
 *(.rela.gnu.linkonce.t*)

.rel.fini
 *(.rel.fini)

.rela.fini
 *(.rela.fini)

.rel.rodata
 *(.rel.rodata)
 *(.rel.rodata.*)
 *(.rel.gnu.linkonce.r*)

.rela.rodata
 *(.rela.rodata)
 *(.rela.rodata.*)
 *(.rela.gnu.linkonce.r*)

.rel.data
 *(.rel.data)
 *(.rel.data.*)
 *(.rel.gnu.linkonce.d*)

.rela.data
 *(.rela.data)
 *(.rela.data.*)
 *(.rela.gnu.linkonce.d*)

.rel.ctors
 *(.rel.ctors)

.rela.ctors
 *(.rela.ctors)

.rel.dtors
 *(.rel.dtors)

.rela.dtors
 *(.rela.dtors)

.rel.got
 *(.rel.got)

.rela.got
 *(.rela.got)

.rel.bss
 *(.rel.bss)

.rela.bss
 *(.rela.bss)

.rel.plt
 *(.rel.plt)

.rela.plt
 *(.rela.plt)

.text           0x00000000     0x17fa
 *(.vectors)
 .vectors       0x00000000       0x54 C:/Program Files (x86)/Atmel/Studio/7.0/Packs/atmel/ATmega_DFP/1.3.300/gcc/dev/atmega32/avr5/crtatmega32.o
                0x00000000                __vector_default
                0x00000000                __vectors
 *(.vectors)
 *(.progmem.gcc*)
                0x00000054                . = ALIGN (0x2)
                0x00000054                __trampolines_start = .
 *(.trampolines)
 .trampolines   0x00000054        0x0 linker stubs
 *(.trampolines*)
                0x00000054                __trampolines_end = .
 *libprintf_flt.a:*(.progmem.data)
 *libc.a:*(.progmem.data)
 *(.progmem*)
                0x00000054                . = ALIGN (0x2)
 *(.jumptables)
 *(.jumptables*)
 *(.lowtext)
 *(.lowtext*)
                0x00000054                __ctors_start = .
 *(.ctors)
                0x00000054                __ctors_end = .
                0x00000054                __dtors_start = .
 *(.dtors)
                0x00000054                __dtors_end = .
 SORT(*)(.ctors)
 SORT(*)(.dtors)
 *(.init0)
 .init0         0x00000054        0x0 C:/Program Files (x86)/Atmel/Studio/7.0/Packs/atmel/ATmega_DFP/1.3.300/gcc/dev/atmega32/avr5/crtatmega32.o
                0x00000054                __init
 *(.init0)
 *(.init1)
 *(.init1)
 *(.init2)
 .init2         0x00000054        0xc C:/Program Files (x86)/Atmel/Studio/7.0/Packs/atmel/ATmega_DFP/1.3.300/gcc/dev/atmega32/avr5/crtatmega32.o
 *(.init2)
 *(.init3)
 *(.init3)
 *(.init4)
 .init4         0x00000060       0x16 c:/program files (x86)/atmel/studio/7.0/toolchain/avr8/avr8-gnu-toolchain/bin/../lib/gcc/avr/5.4.0/avr5\libgcc.a(_copy_data.o)
                0x00000060                __do_copy_data
 .init4         0x00000076       0x10 c:/program files (x86)/atmel/studio/7.0/toolchain/avr8/avr8-gnu-toolchain/bin/../lib/gcc/avr/5.4.0/avr5\libgcc.a(_clear_bss.o)
                0x00000076                __do_clear_bss
 *(.init4)
 *(.init5)
 *(.init5)
 *(.init6)
 *(.init6)
 *(.init7)
 *(.init7)
 *(.init8)
 *(.init8)
 *(.init9)
 .init9         0x00000086        0x8 C:/Program Files (x86)/Atmel/Studio/7.0/Packs/atmel/ATmega_DFP/1.3.300/gcc/dev/atmega32/avr5/crtatmega32.o
 *(.init9)
 *(.text)
 .text          0x0000008e        0x4 C:/Program Files (x86)/Atmel/Studio/7.0/Packs/atmel/ATmega_DFP/1.3.300/gcc/dev/atmega32/avr5/crtatmega32.o
                0x0000008e                __vector_1
                0x0000008e                __vector_12
                0x0000008e                __bad_interrupt
                0x0000008e                __vector_6
                0x0000008e                __vector_3
                0x0000008e                __vector_11
                0x0000008e                __vector_13
                0x0000008e                __vector_17
                0x0000008e                __vector_19
                0x0000008e                __vector_5
                0x0000008e                __vector_4
                0x0000008e                __vector_9
                0x0000008e                __vector_2
                0x0000008e                __vector_15
                0x0000008e                __vector_8
                0x0000008e                __vector_14
                0x0000008e                __vector_10
                0x0000008e                __vector_16
                0x0000008e                __vector_18
                0x0000008e                __vector_20
                0x00000092                . = ALIGN (0x2)
 *(.text.*)
 .text.send_enable
                0x00000092        0xa lcd_drive.o
                0x00000092                send_enable
 .text.send_command
                0x0000009c        0xc lcd_drive.o
                0x0000009c                send_command
 .text.send_data
                0x000000a8        0xc lcd_drive.o
                0x000000a8                send_data
 .text.Lcd_Init
                0x000000b4       0xd6 lcd_drive.o
                0x000000b4                Lcd_Init
 .text.Lcd_Out  0x0000018a       0x46 lcd_drive.o
                0x0000018a                Lcd_Out
 .text.task1    0x000001d0       0x58 main.o
                0x000001d0                task1
 .text.task3    0x00000228       0x60 main.o
                0x00000228                task3
 .text.task2    0x00000288       0x16 main.o
                0x00000288                task2
 .text.main     0x0000029e       0x6c main.o
                0x0000029e                main
 .text.pvPortMalloc
                0x0000030a       0x6a rtos atmega32/heap_1.o
                0x0000030a                pvPortMalloc
 .text.vPortFree
                0x00000374        0x2 rtos atmega32/heap_1.o
                0x00000374                vPortFree
 .text.vListInitialise
                0x00000376       0x1c rtos atmega32/list.o
                0x00000376                vListInitialise
 .text.vListInitialiseItem
                0x00000392        0x8 rtos atmega32/list.o
                0x00000392                vListInitialiseItem
 .text.vListInsertEnd
                0x0000039a       0x42 rtos atmega32/list.o
                0x0000039a                vListInsertEnd
 .text.vListInsert
                0x000003dc       0x62 rtos atmega32/list.o
                0x000003dc                vListInsert
 .text.uxListRemove
                0x0000043e       0x4e rtos atmega32/list.o
                0x0000043e                uxListRemove
 .text.pxPortInitialiseStack
                0x0000048c       0xd8 rtos atmega32/port.o
                0x0000048c                pxPortInitialiseStack
 .text.xPortStartScheduler
                0x00000564       0x6a rtos atmega32/port.o
                0x00000564                xPortStartScheduler
 .text.vPortYield
                0x000005ce       0xb2 rtos atmega32/port.o
                0x000005ce                vPortYield
 .text.vPortYieldFromTick
                0x00000680       0xb8 rtos atmega32/port.o
                0x00000680                vPortYieldFromTick
 .text.__vector_7
                0x00000738        0x6 rtos atmega32/port.o
                0x00000738                __vector_7
 .text.prvIsQueueEmpty
                0x0000073e       0x16 rtos atmega32/queue.o
 .text.prvCopyDataToQueue
                0x00000754       0xbe rtos atmega32/queue.o
 .text.prvUnlockQueue
                0x00000812       0x9a rtos atmega32/queue.o
 .text.xQueueGenericReset
                0x000008ac       0x8c rtos atmega32/queue.o
                0x000008ac                xQueueGenericReset
 .text.xQueueGenericCreate
                0x00000938       0x46 rtos atmega32/queue.o
                0x00000938                xQueueGenericCreate
 .text.xQueueGenericSend
                0x0000097e      0x142 rtos atmega32/queue.o
                0x0000097e                xQueueGenericSend
 .text.xQueueCreateMutex
                0x00000ac0       0x34 rtos atmega32/queue.o
                0x00000ac0                xQueueCreateMutex
 .text.xQueueSemaphoreTake
                0x00000af4      0x19a rtos atmega32/queue.o
                0x00000af4                xQueueSemaphoreTake
 .text.prvResetNextTaskUnblockTime
                0x00000c8e       0x3e rtos atmega32/tasks.o
 .text.prvIdleTask
                0x00000ccc       0x58 rtos atmega32/tasks.o
 .text.prvAddCurrentTaskToDelayedList
                0x00000d24       0xb0 rtos atmega32/tasks.o
 .text.xTaskCreate
                0x00000dd4      0x228 rtos atmega32/tasks.o
                0x00000dd4                xTaskCreate
 .text.vTaskDelete
                0x00000ffc       0xaa rtos atmega32/tasks.o
                0x00000ffc                vTaskDelete
 .text.vTaskStartScheduler
                0x000010a6       0x54 rtos atmega32/tasks.o
                0x000010a6                vTaskStartScheduler
 .text.vTaskSuspendAll
                0x000010fa        0xc rtos atmega32/tasks.o
                0x000010fa                vTaskSuspendAll
 .text.xTaskIncrementTick
                0x00001106      0x17e rtos atmega32/tasks.o
                0x00001106                xTaskIncrementTick
 .text.xTaskResumeAll
                0x00001284      0x106 rtos atmega32/tasks.o
                0x00001284                xTaskResumeAll
 .text.vTaskDelay
                0x0000138a       0x28 rtos atmega32/tasks.o
                0x0000138a                vTaskDelay
 .text.vTaskSwitchContext
                0x000013b2       0xcc rtos atmega32/tasks.o
                0x000013b2                vTaskSwitchContext
 .text.vTaskPlaceOnEventList
                0x0000147e       0x24 rtos atmega32/tasks.o
                0x0000147e                vTaskPlaceOnEventList
 .text.xTaskRemoveFromEventList
                0x000014a2       0x90 rtos atmega32/tasks.o
                0x000014a2                xTaskRemoveFromEventList
 .text.vTaskInternalSetTimeOutState
                0x00001532       0x16 rtos atmega32/tasks.o
                0x00001532                vTaskInternalSetTimeOutState
 .text.xTaskCheckForTimeOut
                0x00001548       0x6c rtos atmega32/tasks.o
                0x00001548                xTaskCheckForTimeOut
 .text.vTaskMissedYield
                0x000015b4        0x8 rtos atmega32/tasks.o
                0x000015b4                vTaskMissedYield
 .text.xTaskPriorityInherit
                0x000015bc       0xe4 rtos atmega32/tasks.o
                0x000015bc                xTaskPriorityInherit
 .text.xTaskPriorityDisinherit
                0x000016a0       0x80 rtos atmega32/tasks.o
                0x000016a0                xTaskPriorityDisinherit
 .text.vTaskPriorityDisinheritAfterTimeout
                0x00001720       0xa0 rtos atmega32/tasks.o
                0x00001720                vTaskPriorityDisinheritAfterTimeout
 .text.pvTaskIncrementMutexHeldCount
                0x000017c0       0x24 rtos atmega32/tasks.o
                0x000017c0                pvTaskIncrementMutexHeldCount
 .text.avr-libc
                0x000017e4       0x12 c:/program files (x86)/atmel/studio/7.0/toolchain/avr8/avr8-gnu-toolchain/bin/../lib/gcc/avr/5.4.0/../../../../avr/lib/avr5\libc.a(memcpy.o)
                0x000017e4                memcpy
                0x000017f6                . = ALIGN (0x2)
 *(.fini9)
 .fini9         0x000017f6        0x0 c:/program files (x86)/atmel/studio/7.0/toolchain/avr8/avr8-gnu-toolchain/bin/../lib/gcc/avr/5.4.0/avr5\libgcc.a(_exit.o)
                0x000017f6                _exit
                0x000017f6                exit
 *(.fini9)
 *(.fini8)
 *(.fini8)
 *(.fini7)
 *(.fini7)
 *(.fini6)
 *(.fini6)
 *(.fini5)
 *(.fini5)
 *(.fini4)
 *(.fini4)
 *(.fini3)
 *(.fini3)
 *(.fini2)
 *(.fini2)
 *(.fini1)
 *(.fini1)
 *(.fini0)
 .fini0         0x000017f6        0x4 c:/program files (x86)/atmel/studio/7.0/toolchain/avr8/avr8-gnu-toolchain/bin/../lib/gcc/avr/5.4.0/avr5\libgcc.a(_exit.o)
 *(.fini0)
                0x000017fa                _etext = .

.data           0x00800060       0x30 load address 0x000017fa
                0x00800060                PROVIDE (__data_start, .)
 *(.data)
 *(.data*)
 *(.gnu.linkonce.d*)
 *(.rodata)
 *(.rodata*)
 .rodata.str1.1
                0x00800060       0x2b main.o
 .rodata.str1.1
                0x0080008b        0x5 rtos atmega32/tasks.o
 *(.gnu.linkonce.r*)
                0x00800090                . = ALIGN (0x2)
                0x00800090                _edata = .
                0x00800090                PROVIDE (__data_end, .)

.bss            0x00800090      0x2c5
                0x00800090                PROVIDE (__bss_start, .)
 *(.bss)
 *(.bss*)
 .bss.smphr_lcd
                0x00800090        0x2 main.o
                0x00800090                smphr_lcd
 .bss.pucAlignedHeap.2101
                0x00800092        0x2 rtos atmega32/heap_1.o
 .bss.xNextFreeByte
                0x00800094        0x2 rtos atmega32/heap_1.o
 .bss.ucHeap    0x00800096      0x258 rtos atmega32/heap_1.o
 .bss.uxSchedulerSuspended
                0x008002ee        0x1 rtos atmega32/tasks.o
 .bss.xIdleTaskHandle
                0x008002ef        0x2 rtos atmega32/tasks.o
 .bss.xNextTaskUnblockTime
                0x008002f1        0x2 rtos atmega32/tasks.o
 .bss.uxTaskNumber
                0x008002f3        0x1 rtos atmega32/tasks.o
 .bss.xNumOfOverflows
                0x008002f4        0x1 rtos atmega32/tasks.o
 .bss.xYieldPending
                0x008002f5        0x1 rtos atmega32/tasks.o
 .bss.xPendedTicks
                0x008002f6        0x2 rtos atmega32/tasks.o
 .bss.xSchedulerRunning
                0x008002f8        0x1 rtos atmega32/tasks.o
 .bss.uxTopReadyPriority
                0x008002f9        0x1 rtos atmega32/tasks.o
 .bss.xTickCount
                0x008002fa        0x2 rtos atmega32/tasks.o
 .bss.uxCurrentNumberOfTasks
                0x008002fc        0x1 rtos atmega32/tasks.o
 .bss.xSuspendedTaskList
                0x008002fd        0x9 rtos atmega32/tasks.o
 .bss.uxDeletedTasksWaitingCleanUp
                0x00800306        0x1 rtos atmega32/tasks.o
 .bss.xTasksWaitingTermination
                0x00800307        0x9 rtos atmega32/tasks.o
 .bss.xPendingReadyList
                0x00800310        0x9 rtos atmega32/tasks.o
 .bss.pxOverflowDelayedTaskList
                0x00800319        0x2 rtos atmega32/tasks.o
 .bss.pxDelayedTaskList
                0x0080031b        0x2 rtos atmega32/tasks.o
 .bss.xDelayedTaskList2
                0x0080031d        0x9 rtos atmega32/tasks.o
 .bss.xDelayedTaskList1
                0x00800326        0x9 rtos atmega32/tasks.o
 .bss.pxReadyTasksLists
                0x0080032f       0x24 rtos atmega32/tasks.o
 .bss.pxCurrentTCB
                0x00800353        0x2 rtos atmega32/tasks.o
                0x00800353                pxCurrentTCB
 *(COMMON)
                0x00800355                PROVIDE (__bss_end, .)
                0x000017fa                __data_load_start = LOADADDR (.data)
                0x0000182a                __data_load_end = (__data_load_start + SIZEOF (.data))

.noinit         0x00800355        0x0
                [!provide]                PROVIDE (__noinit_start, .)
 *(.noinit*)
                [!provide]                PROVIDE (__noinit_end, .)
                0x00800355                _end = .
                [!provide]                PROVIDE (__heap_start, .)

.eeprom         0x00810000        0x0
 *(.eeprom*)
                0x00810000                __eeprom_end = .

.fuse
 *(.fuse)
 *(.lfuse)
 *(.hfuse)
 *(.efuse)

.lock
 *(.lock*)

.signature
 *(.signature*)

.user_signatures
 *(.user_signatures*)

.stab
 *(.stab)

.stabstr
 *(.stabstr)

.stab.excl
 *(.stab.excl)

.stab.exclstr
 *(.stab.exclstr)

.stab.index
 *(.stab.index)

.stab.indexstr
 *(.stab.indexstr)

.comment        0x00000000       0x30
 *(.comment)
 .comment       0x00000000       0x30 lcd_drive.o
                                 0x31 (size before relaxing)
 .comment       0x00000030       0x31 main.o
 .comment       0x00000030       0x31 rtos atmega32/heap_1.o
 .comment       0x00000030       0x31 rtos atmega32/list.o
 .comment       0x00000030       0x31 rtos atmega32/port.o
 .comment       0x00000030       0x31 rtos atmega32/queue.o
 .comment       0x00000030       0x31 rtos atmega32/tasks.o

.note.gnu.avr.deviceinfo
                0x00000000       0x3c
 .note.gnu.avr.deviceinfo
                0x00000000       0x3c C:/Program Files (x86)/Atmel/Studio/7.0/Packs/atmel/ATmega_DFP/1.3.300/gcc/dev/atmega32/avr5/crtatmega32.o

.note.gnu.build-id
 *(.note.gnu.build-id)

.debug
 *(.debug)

.line
 *(.line)

.debug_srcinfo
 *(.debug_srcinfo)

.debug_sfnames
 *(.debug_sfnames)

.debug_aranges  0x00000000      0x390
 *(.debug_aranges)
 .debug_aranges
                0x00000000       0x58 lcd_drive.o
 .debug_aranges
                0x00000058       0x38 main.o
 .debug_aranges
                0x00000090       0x38 rtos atmega32/heap_1.o
 .debug_aranges
                0x000000c8       0x40 rtos atmega32/list.o
 .debug_aranges
                0x00000108       0x48 rtos atmega32/port.o
 .debug_aranges
                0x00000150       0xc0 rtos atmega32/queue.o
 .debug_aranges
                0x00000210      0x180 rtos atmega32/tasks.o

.debug_pubnames
 *(.debug_pubnames)

.debug_info     0x00000000     0x4e74
 *(.debug_info .gnu.linkonce.wi.*)
 .debug_info    0x00000000      0x4e6 C:/Program Files (x86)/Atmel/Studio/7.0/Packs/atmel/ATmega_DFP/1.3.300/gcc/dev/atmega32/avr5/crtatmega32.o
 .debug_info    0x000004e6      0x7c3 lcd_drive.o
 .debug_info    0x00000ca9      0x58e main.o
 .debug_info    0x00001237      0x1a4 rtos atmega32/heap_1.o
 .debug_info    0x000013db      0x2d8 rtos atmega32/list.o
 .debug_info    0x000016b3      0x263 rtos atmega32/port.o
 .debug_info    0x00001916     0x1612 rtos atmega32/queue.o
 .debug_info    0x00002f28     0x1f4c rtos atmega32/tasks.o

.debug_abbrev   0x00000000     0x1109
 *(.debug_abbrev)
 .debug_abbrev  0x00000000      0x4a3 C:/Program Files (x86)/Atmel/Studio/7.0/Packs/atmel/ATmega_DFP/1.3.300/gcc/dev/atmega32/avr5/crtatmega32.o
 .debug_abbrev  0x000004a3      0x1a3 lcd_drive.o
 .debug_abbrev  0x00000646      0x178 main.o
 .debug_abbrev  0x000007be      0x11c rtos atmega32/heap_1.o
 .debug_abbrev  0x000008da       0xff rtos atmega32/list.o
 .debug_abbrev  0x000009d9      0x155 rtos atmega32/port.o
 .debug_abbrev  0x00000b2e      0x2af rtos atmega32/queue.o
 .debug_abbrev  0x00000ddd      0x32c rtos atmega32/tasks.o

.debug_line     0x00000000     0x2987
 *(.debug_line .debug_line.* .debug_line_end)
 .debug_line    0x00000000      0x115 C:/Program Files (x86)/Atmel/Studio/7.0/Packs/atmel/ATmega_DFP/1.3.300/gcc/dev/atmega32/avr5/crtatmega32.o
 .debug_line    0x00000115      0x357 lcd_drive.o
 .debug_line    0x0000046c      0x26a main.o
 .debug_line    0x000006d6      0x1ab rtos atmega32/heap_1.o
 .debug_line    0x00000881      0x1db rtos atmega32/list.o
 .debug_line    0x00000a5c      0x294 rtos atmega32/port.o
 .debug_line    0x00000cf0      0xaae rtos atmega32/queue.o
 .debug_line    0x0000179e     0x11e9 rtos atmega32/tasks.o

.debug_frame    0x00000000      0xb00
 *(.debug_frame)
 .debug_frame   0x00000000       0xb4 lcd_drive.o
 .debug_frame   0x000000b4       0x54 main.o
 .debug_frame   0x00000108       0x60 rtos atmega32/heap_1.o
 .debug_frame   0x00000168       0x88 rtos atmega32/list.o
 .debug_frame   0x000001f0       0x74 rtos atmega32/port.o
 .debug_frame   0x00000264      0x30c rtos atmega32/queue.o
 .debug_frame   0x00000570      0x590 rtos atmega32/tasks.o

.debug_str      0x00000000     0x15db
 *(.debug_str)
 .debug_str     0x00000000      0x196 C:/Program Files (x86)/Atmel/Studio/7.0/Packs/atmel/ATmega_DFP/1.3.300/gcc/dev/atmega32/avr5/crtatmega32.o
 .debug_str     0x00000196      0x217 lcd_drive.o
                                0x262 (size before relaxing)
 .debug_str     0x000003ad       0xe9 main.o
                                0x2e0 (size before relaxing)
 .debug_str     0x00000496       0xbb rtos atmega32/heap_1.o
                                0x250 (size before relaxing)
 .debug_str     0x00000551      0x141 rtos atmega32/list.o
                                0x2df (size before relaxing)
 .debug_str     0x00000692      0x124 rtos atmega32/port.o
                                0x2d8 (size before relaxing)
 .debug_str     0x000007b6      0x585 rtos atmega32/queue.o
                                0x8c1 (size before relaxing)
 .debug_str     0x00000d3b      0x8a0 rtos atmega32/tasks.o
                                0xe03 (size before relaxing)

.debug_loc      0x00000000     0x4a61
 *(.debug_loc)
 .debug_loc     0x00000000      0x6ad lcd_drive.o
 .debug_loc     0x000006ad      0x142 main.o
 .debug_loc     0x000007ef       0xf1 rtos atmega32/heap_1.o
 .debug_loc     0x000008e0      0x145 rtos atmega32/list.o
 .debug_loc     0x00000a25      0x29f rtos atmega32/port.o
 .debug_loc     0x00000cc4     0x19d4 rtos atmega32/queue.o
 .debug_loc     0x00002698     0x23c9 rtos atmega32/tasks.o

.debug_macinfo
 *(.debug_macinfo)

.debug_weaknames
 *(.debug_weaknames)

.debug_funcnames
 *(.debug_funcnames)

.debug_typenames
 *(.debug_typenames)

.debug_varnames
 *(.debug_varnames)

.debug_pubtypes
 *(.debug_pubtypes)

.debug_ranges   0x00000000      0x410
 *(.debug_ranges)
 .debug_ranges  0x00000000       0x48 lcd_drive.o
 .debug_ranges  0x00000048       0x28 main.o
 .debug_ranges  0x00000070       0x28 rtos atmega32/heap_1.o
 .debug_ranges  0x00000098       0x30 rtos atmega32/list.o
 .debug_ranges  0x000000c8       0x38 rtos atmega32/port.o
 .debug_ranges  0x00000100      0x140 rtos atmega32/queue.o
 .debug_ranges  0x00000240      0x1d0 rtos atmega32/tasks.o

.debug_macro
 *(.debug_macro)
OUTPUT(rtos-mutex-lcd.elf elf32-avr)
LOAD linker stubs
